[2024-04-01T21:12:00.319+0800][0.013s] CardTable entry size: 512
[2024-04-01T21:12:00.320+0800][0.013s] Using G1
[2024-04-01T21:12:00.486+0800][0.180s] Version: 22+36-2370 (release)
[2024-04-01T21:12:00.486+0800][0.180s] CPUs: 8 total, 8 available
[2024-04-01T21:12:00.486+0800][0.180s] Memory: 16080M
[2024-04-01T21:12:00.486+0800][0.180s] Large Page Support: Disabled
[2024-04-01T21:12:00.486+0800][0.180s] NUMA Support: Disabled
[2024-04-01T21:12:00.486+0800][0.180s] Compressed Oops: Enabled (32-bit)
[2024-04-01T21:12:00.486+0800][0.180s] Heap Region Size: 1M
[2024-04-01T21:12:00.486+0800][0.180s] Heap Min Capacity: 512M
[2024-04-01T21:12:00.486+0800][0.180s] Heap Initial Capacity: 512M
[2024-04-01T21:12:00.486+0800][0.180s] Heap Max Capacity: 512M
[2024-04-01T21:12:00.489+0800][0.182s] Pre-touch: Enabled
[2024-04-01T21:12:00.489+0800][0.182s] Parallel Workers: 8
[2024-04-01T21:12:00.489+0800][0.182s] Concurrent Workers: 2
[2024-04-01T21:12:00.489+0800][0.182s] Concurrent Refinement Workers: 8
[2024-04-01T21:12:00.489+0800][0.182s] Periodic GC: Disabled
[2024-04-01T21:12:00.505+0800][0.198s] CDS archive(s) mapped at: [0x000002709a000000-0x000002709ac60000-0x000002709ac60000), size 12976128, SharedBaseAddress: 0x000002709a000000, ArchiveRelocationMode: 1.
[2024-04-01T21:12:00.505+0800][0.198s] Compressed class space mapped at: 0x000002709b000000-0x00000270db000000, reserved size: 1073741824
[2024-04-01T21:12:00.505+0800][0.198s] Narrow klass base: 0x000002709a000000, Narrow klass shift: 0, Narrow klass range: 0x41000000
[2024-04-01T21:12:01.277+0800][0.970s] GC(0) Pause Young (Normal) (G1 Evacuation Pause)
[2024-04-01T21:12:01.277+0800][0.970s] GC(0) Using 8 workers of 8 for evacuation
[2024-04-01T21:12:01.280+0800][0.974s] GC(0)   Pre Evacuate Collection Set: 0.12ms
[2024-04-01T21:12:01.280+0800][0.974s] GC(0)   Merge Heap Roots: 0.05ms
[2024-04-01T21:12:01.280+0800][0.974s] GC(0)   Evacuate Collection Set: 2.79ms
[2024-04-01T21:12:01.280+0800][0.974s] GC(0)   Post Evacuate Collection Set: 0.36ms
[2024-04-01T21:12:01.280+0800][0.974s] GC(0)   Other: 0.31ms
[2024-04-01T21:12:01.280+0800][0.974s] GC(0) Eden regions: 30->0(40)
[2024-04-01T21:12:01.280+0800][0.974s] GC(0) Survivor regions: 0->4(4)
[2024-04-01T21:12:01.280+0800][0.974s] GC(0) Old regions: 0->2
[2024-04-01T21:12:01.280+0800][0.974s] GC(0) Humongous regions: 4->4
[2024-04-01T21:12:01.280+0800][0.974s] GC(0) Metaspace: 10296K(10560K)->10296K(10560K) NonClass: 9076K(9216K)->9076K(9216K) Class: 1220K(1344K)->1220K(1344K)
[2024-04-01T21:12:01.280+0800][0.974s] GC(0) Pause Young (Normal) (G1 Evacuation Pause) 34M->9M(512M) 3.882ms
[2024-04-01T21:12:01.280+0800][0.974s] GC(0) User=0.02s Sys=0.00s Real=0.00s
[2024-04-01T21:12:01.937+0800][1.631s] GC(1) Pause Young (Normal) (G1 Evacuation Pause)
[2024-04-01T21:12:01.937+0800][1.631s] GC(1) Using 8 workers of 8 for evacuation
[2024-04-01T21:12:01.946+0800][1.639s] GC(1)   Pre Evacuate Collection Set: 0.19ms
[2024-04-01T21:12:01.946+0800][1.639s] GC(1)   Merge Heap Roots: 0.16ms
[2024-04-01T21:12:01.946+0800][1.639s] GC(1)   Evacuate Collection Set: 6.65ms
[2024-04-01T21:12:01.946+0800][1.639s] GC(1)   Post Evacuate Collection Set: 0.66ms
[2024-04-01T21:12:01.946+0800][1.639s] GC(1)   Other: 0.07ms
[2024-04-01T21:12:01.946+0800][1.639s] GC(1) Eden regions: 40->0(51)
[2024-04-01T21:12:01.946+0800][1.639s] GC(1) Survivor regions: 4->6(6)
[2024-04-01T21:12:01.946+0800][1.639s] GC(1) Old regions: 2->11
[2024-04-01T21:12:01.946+0800][1.639s] GC(1) Humongous regions: 4->4
[2024-04-01T21:12:01.946+0800][1.639s] GC(1) Metaspace: 17543K(17856K)->17543K(17856K) NonClass: 15510K(15680K)->15510K(15680K) Class: 2032K(2176K)->2032K(2176K)
[2024-04-01T21:12:01.946+0800][1.639s] GC(1) Pause Young (Normal) (G1 Evacuation Pause) 49M->20M(512M) 8.012ms
[2024-04-01T21:12:01.946+0800][1.639s] GC(1) User=0.00s Sys=0.00s Real=0.01s
[2024-04-01T21:12:02.373+0800][2.066s] GC(2) Pause Young (Concurrent Start) (Metadata GC Threshold)
[2024-04-01T21:12:02.373+0800][2.066s] GC(2) Using 8 workers of 8 for evacuation
[2024-04-01T21:12:02.377+0800][2.070s] GC(2)   Pre Evacuate Collection Set: 0.22ms
[2024-04-01T21:12:02.377+0800][2.070s] GC(2)   Merge Heap Roots: 0.05ms
[2024-04-01T21:12:02.377+0800][2.070s] GC(2)   Evacuate Collection Set: 3.07ms
[2024-04-01T21:12:02.377+0800][2.070s] GC(2)   Post Evacuate Collection Set: 0.70ms
[2024-04-01T21:12:02.377+0800][2.070s] GC(2)   Other: 0.14ms
[2024-04-01T21:12:02.377+0800][2.070s] GC(2) Eden regions: 42->0(90)
[2024-04-01T21:12:02.377+0800][2.070s] GC(2) Survivor regions: 6->6(8)
[2024-04-01T21:12:02.377+0800][2.070s] GC(2) Old regions: 11->17
[2024-04-01T21:12:02.377+0800][2.070s] GC(2) Humongous regions: 4->4
[2024-04-01T21:12:02.377+0800][2.070s] GC(2) Metaspace: 21116K(21504K)->21116K(21504K) NonClass: 18684K(18880K)->18684K(18880K) Class: 2432K(2624K)->2432K(2624K)
[2024-04-01T21:12:02.377+0800][2.070s] GC(2) Pause Young (Concurrent Start) (Metadata GC Threshold) 62M->26M(512M) 4.375ms
[2024-04-01T21:12:02.377+0800][2.070s] GC(2) User=0.02s Sys=0.00s Real=0.00s
[2024-04-01T21:12:02.377+0800][2.070s] GC(3) Concurrent Mark Cycle
[2024-04-01T21:12:02.377+0800][2.070s] GC(3) Concurrent Scan Root Regions
[2024-04-01T21:12:02.379+0800][2.072s] GC(3) Concurrent Scan Root Regions 2.153ms
[2024-04-01T21:12:02.379+0800][2.072s] GC(3) Concurrent Mark
[2024-04-01T21:12:02.379+0800][2.072s] GC(3) Concurrent Mark From Roots
[2024-04-01T21:12:02.379+0800][2.073s] GC(3) Using 2 workers of 2 for marking
[2024-04-01T21:12:02.389+0800][2.082s] GC(3) Concurrent Mark From Roots 9.691ms
[2024-04-01T21:12:02.389+0800][2.082s] GC(3) Concurrent Preclean
[2024-04-01T21:12:02.389+0800][2.082s] GC(3) Concurrent Preclean 0.029ms
[2024-04-01T21:12:02.389+0800][2.082s] GC(3) Pause Remark
[2024-04-01T21:12:02.391+0800][2.085s] GC(3) Pause Remark 27M->27M(512M) 2.333ms
[2024-04-01T21:12:02.391+0800][2.085s] GC(3) User=0.00s Sys=0.00s Real=0.00s
[2024-04-01T21:12:02.391+0800][2.085s] GC(3) Concurrent Mark 12.263ms
[2024-04-01T21:12:02.391+0800][2.085s] GC(3) Concurrent Rebuild Remembered Sets and Scrub Regions
[2024-04-01T21:12:02.397+0800][2.091s] GC(3) Concurrent Rebuild Remembered Sets and Scrub Regions 6.023ms
[2024-04-01T21:12:02.398+0800][2.091s] GC(3) Pause Cleanup
[2024-04-01T21:12:02.398+0800][2.091s] GC(3) Pause Cleanup 28M->28M(512M) 0.154ms
[2024-04-01T21:12:02.398+0800][2.092s] GC(3) User=0.00s Sys=0.00s Real=0.00s
[2024-04-01T21:12:02.398+0800][2.092s] GC(3) Concurrent Clear Claimed Marks
[2024-04-01T21:12:02.398+0800][2.092s] GC(3) Concurrent Clear Claimed Marks 0.043ms
[2024-04-01T21:12:02.398+0800][2.092s] GC(3) Concurrent Cleanup for Next Mark
[2024-04-01T21:12:02.399+0800][2.092s] GC(3) Concurrent Cleanup for Next Mark 0.505ms
[2024-04-01T21:12:02.399+0800][2.092s] GC(3) Concurrent Mark Cycle 21.876ms
[2024-04-01T21:12:04.115+0800][3.808s] GC(4) Pause Young (Prepare Mixed) (Metadata GC Threshold)
[2024-04-01T21:12:04.115+0800][3.808s] GC(4) Using 8 workers of 8 for evacuation
[2024-04-01T21:12:04.122+0800][3.815s] GC(4)   Pre Evacuate Collection Set: 0.12ms
[2024-04-01T21:12:04.122+0800][3.815s] GC(4)   Merge Heap Roots: 0.05ms
[2024-04-01T21:12:04.122+0800][3.815s] GC(4)   Evacuate Collection Set: 5.61ms
[2024-04-01T21:12:04.122+0800][3.815s] GC(4)   Post Evacuate Collection Set: 0.68ms
[2024-04-01T21:12:04.122+0800][3.815s] GC(4)   Other: 0.08ms
[2024-04-01T21:12:04.122+0800][3.815s] GC(4) Eden regions: 81->0(295)
[2024-04-01T21:12:04.122+0800][3.815s] GC(4) Survivor regions: 6->12(12)
[2024-04-01T21:12:04.122+0800][3.815s] GC(4) Old regions: 17->17
[2024-04-01T21:12:04.122+0800][3.815s] GC(4) Humongous regions: 4->4
[2024-04-01T21:12:04.122+0800][3.815s] GC(4) Metaspace: 35761K(36160K)->35761K(36160K) NonClass: 31734K(31936K)->31734K(31936K) Class: 4027K(4224K)->4027K(4224K)
[2024-04-01T21:12:04.122+0800][3.815s] GC(4) Pause Young (Prepare Mixed) (Metadata GC Threshold) 106M->32M(512M) 6.764ms
[2024-04-01T21:12:04.122+0800][3.815s] GC(4) User=0.00s Sys=0.00s Real=0.01s
[2024-04-01T21:12:04.139+0800][3.832s] GC(5) Pause Young (Mixed) (Metadata GC Threshold)
[2024-04-01T21:12:04.139+0800][3.832s] GC(5) Using 8 workers of 8 for evacuation
[2024-04-01T21:12:04.143+0800][3.836s] GC(5)   Pre Evacuate Collection Set: 0.15ms
[2024-04-01T21:12:04.143+0800][3.836s] GC(5)   Merge Heap Roots: 0.09ms
[2024-04-01T21:12:04.143+0800][3.836s] GC(5)   Evacuate Collection Set: 3.13ms
[2024-04-01T21:12:04.143+0800][3.836s] GC(5)   Post Evacuate Collection Set: 0.39ms
[2024-04-01T21:12:04.143+0800][3.836s] GC(5)   Other: 0.06ms
[2024-04-01T21:12:04.143+0800][3.836s] GC(5) Eden regions: 4->0(295)
[2024-04-01T21:12:04.143+0800][3.836s] GC(5) Survivor regions: 12->12(39)
[2024-04-01T21:12:04.143+0800][3.836s] GC(5) Old regions: 17->17
[2024-04-01T21:12:04.143+0800][3.836s] GC(5) Humongous regions: 4->4
[2024-04-01T21:12:04.143+0800][3.836s] GC(5) Metaspace: 36061K(36480K)->36061K(36480K) NonClass: 31991K(32192K)->31991K(32192K) Class: 4069K(4288K)->4069K(4288K)
[2024-04-01T21:12:04.143+0800][3.836s] GC(5) Pause Young (Mixed) (Metadata GC Threshold) 36M->32M(512M) 4.056ms
[2024-04-01T21:12:04.143+0800][3.836s] GC(5) User=0.00s Sys=0.00s Real=0.00s
[2024-04-01T21:12:04.162+0800][3.856s] GC(6) Pause Young (Concurrent Start) (Metadata GC Threshold)
[2024-04-01T21:12:04.162+0800][3.856s] GC(6) Using 8 workers of 8 for evacuation
[2024-04-01T21:12:04.166+0800][3.860s] GC(6)   Pre Evacuate Collection Set: 0.16ms
[2024-04-01T21:12:04.166+0800][3.860s] GC(6)   Merge Heap Roots: 0.03ms
[2024-04-01T21:12:04.166+0800][3.860s] GC(6)   Evacuate Collection Set: 3.41ms
[2024-04-01T21:12:04.166+0800][3.860s] GC(6)   Post Evacuate Collection Set: 0.45ms
[2024-04-01T21:12:04.166+0800][3.860s] GC(6)   Other: 0.08ms
[2024-04-01T21:12:04.166+0800][3.860s] GC(6) Eden regions: 7->0(294)
[2024-04-01T21:12:04.166+0800][3.860s] GC(6) Survivor regions: 12->13(39)
[2024-04-01T21:12:04.166+0800][3.860s] GC(6) Old regions: 17->17
[2024-04-01T21:12:04.166+0800][3.860s] GC(6) Humongous regions: 4->4
[2024-04-01T21:12:04.166+0800][3.860s] GC(6) Metaspace: 36453K(36800K)->36453K(36800K) NonClass: 32339K(32512K)->32339K(32512K) Class: 4114K(4288K)->4114K(4288K)
[2024-04-01T21:12:04.166+0800][3.860s] GC(6) Pause Young (Concurrent Start) (Metadata GC Threshold) 39M->33M(512M) 4.339ms
[2024-04-01T21:12:04.166+0800][3.860s] GC(7) Concurrent Mark Cycle
[2024-04-01T21:12:04.166+0800][3.860s] GC(6) User=0.00s Sys=0.00s Real=0.00s
[2024-04-01T21:12:04.167+0800][3.860s] GC(7) Concurrent Scan Root Regions
[2024-04-01T21:12:04.169+0800][3.863s] GC(7) Concurrent Scan Root Regions 2.465ms
[2024-04-01T21:12:04.169+0800][3.863s] GC(7) Concurrent Mark
[2024-04-01T21:12:04.169+0800][3.863s] GC(7) Concurrent Mark From Roots
[2024-04-01T21:12:04.169+0800][3.863s] GC(7) Using 2 workers of 2 for marking
[2024-04-01T21:12:04.183+0800][3.876s] GC(7) Concurrent Mark From Roots 13.528ms
[2024-04-01T21:12:04.183+0800][3.876s] GC(7) Concurrent Preclean
[2024-04-01T21:12:04.183+0800][3.876s] GC(7) Concurrent Preclean 0.050ms
[2024-04-01T21:12:04.183+0800][3.876s] GC(7) Pause Remark
[2024-04-01T21:12:04.186+0800][3.879s] GC(7) Pause Remark 36M->36M(512M) 2.693ms
[2024-04-01T21:12:04.186+0800][3.879s] GC(7) User=0.00s Sys=0.00s Real=0.00s
[2024-04-01T21:12:04.186+0800][3.879s] GC(7) Concurrent Mark 16.486ms
[2024-04-01T21:12:04.186+0800][3.879s] GC(7) Concurrent Rebuild Remembered Sets and Scrub Regions
[2024-04-01T21:12:04.192+0800][3.885s] GC(7) Concurrent Rebuild Remembered Sets and Scrub Regions 6.108ms
[2024-04-01T21:12:04.192+0800][3.885s] GC(7) Pause Cleanup
[2024-04-01T21:12:04.192+0800][3.886s] GC(7) Pause Cleanup 40M->40M(512M) 0.137ms
[2024-04-01T21:12:04.192+0800][3.886s] GC(7) User=0.00s Sys=0.00s Real=0.00s
[2024-04-01T21:12:04.192+0800][3.886s] GC(7) Concurrent Clear Claimed Marks
[2024-04-01T21:12:04.192+0800][3.886s] GC(7) Concurrent Clear Claimed Marks 0.049ms
[2024-04-01T21:12:04.192+0800][3.886s] GC(7) Concurrent Cleanup for Next Mark
[2024-04-01T21:12:04.192+0800][3.886s] GC(7) Concurrent Cleanup for Next Mark 0.552ms
[2024-04-01T21:12:04.192+0800][3.886s] GC(7) Concurrent Mark Cycle 26.087ms
[2024-04-01T21:25:59.972+0800][839.665s] GC(8) Pause Young (Prepare Mixed) (G1 Evacuation Pause)
[2024-04-01T21:25:59.972+0800][839.665s] GC(8) Using 8 workers of 8 for evacuation
[2024-04-01T21:25:59.990+0800][839.683s] GC(8)   Pre Evacuate Collection Set: 0.13ms
[2024-04-01T21:25:59.990+0800][839.683s] GC(8)   Merge Heap Roots: 0.09ms
[2024-04-01T21:25:59.990+0800][839.683s] GC(8)   Evacuate Collection Set: 15.83ms
[2024-04-01T21:25:59.990+0800][839.683s] GC(8)   Post Evacuate Collection Set: 1.06ms
[2024-04-01T21:25:59.990+0800][839.683s] GC(8)   Other: 0.12ms
[2024-04-01T21:25:59.990+0800][839.683s] GC(8) Eden regions: 294->0(268)
[2024-04-01T21:25:59.990+0800][839.683s] GC(8) Survivor regions: 13->39(39)
[2024-04-01T21:25:59.990+0800][839.683s] GC(8) Old regions: 17->19
[2024-04-01T21:25:59.990+0800][839.683s] GC(8) Humongous regions: 5->4
[2024-04-01T21:25:59.990+0800][839.683s] GC(8) Metaspace: 56212K(56896K)->56212K(56896K) NonClass: 49470K(49856K)->49470K(49856K) Class: 6741K(7040K)->6741K(7040K)
[2024-04-01T21:25:59.990+0800][839.683s] GC(8) Pause Young (Prepare Mixed) (G1 Evacuation Pause) 328M->61M(512M) 17.504ms
[2024-04-01T21:25:59.990+0800][839.683s] GC(8) User=0.02s Sys=0.00s Real=0.02s
[2024-04-01T21:58:59.378+0800][2819.071s] GC(9) Pause Young (Mixed) (G1 Evacuation Pause)
[2024-04-01T21:58:59.378+0800][2819.071s] GC(9) Using 8 workers of 8 for evacuation
[2024-04-01T21:58:59.428+0800][2819.122s] GC(9)   Pre Evacuate Collection Set: 0.61ms
[2024-04-01T21:58:59.429+0800][2819.122s] GC(9)   Merge Heap Roots: 0.28ms
[2024-04-01T21:58:59.429+0800][2819.122s] GC(9)   Evacuate Collection Set: 46.95ms
[2024-04-01T21:58:59.429+0800][2819.122s] GC(9)   Post Evacuate Collection Set: 2.17ms
[2024-04-01T21:58:59.429+0800][2819.122s] GC(9)   Other: 0.23ms
[2024-04-01T21:58:59.429+0800][2819.122s] GC(9) Eden regions: 268->0(286)
[2024-04-01T21:58:59.429+0800][2819.122s] GC(9) Survivor regions: 39->21(39)
[2024-04-01T21:58:59.429+0800][2819.122s] GC(9) Old regions: 19->55
[2024-04-01T21:58:59.429+0800][2819.122s] GC(9) Humongous regions: 4->4
[2024-04-01T21:58:59.429+0800][2819.122s] GC(9) Metaspace: 58457K(59136K)->58457K(59136K) NonClass: 51557K(51904K)->51557K(51904K) Class: 6900K(7232K)->6900K(7232K)
[2024-04-01T21:58:59.429+0800][2819.122s] GC(9) Pause Young (Mixed) (G1 Evacuation Pause) 329M->79M(512M) 51.012ms
[2024-04-01T21:58:59.429+0800][2819.122s] GC(9) User=0.25s Sys=0.00s Real=0.05s
[2024-04-01T22:11:38.449+0800][3578.142s] Heap
[2024-04-01T22:11:38.449+0800][3578.142s]  garbage-first heap   total reserved 524288K, committed 524288K, used 161697K [0x00000000e0000000, 0x0000000100000000)
[2024-04-01T22:11:38.449+0800][3578.142s]   region size 1024K, 100 young (102400K), 21 survivors (21504K)
[2024-04-01T22:11:38.449+0800][3578.142s]  Metaspace       used 58834K, committed 59520K, reserved 1114112K
[2024-04-01T22:11:38.449+0800][3578.143s]   class space    used 6935K, committed 7232K, reserved 1048576K
