[2024-04-01T22:12:13.771+0800][0.019s] CardTable entry size: 512
[2024-04-01T22:12:13.771+0800][0.019s] Using G1
[2024-04-01T22:12:14.022+0800][0.270s] Version: 22+36-2370 (release)
[2024-04-01T22:12:14.022+0800][0.270s] CPUs: 8 total, 8 available
[2024-04-01T22:12:14.022+0800][0.270s] Memory: 16080M
[2024-04-01T22:12:14.022+0800][0.270s] Large Page Support: Disabled
[2024-04-01T22:12:14.022+0800][0.270s] NUMA Support: Disabled
[2024-04-01T22:12:14.022+0800][0.270s] Compressed Oops: Enabled (32-bit)
[2024-04-01T22:12:14.023+0800][0.270s] Heap Region Size: 1M
[2024-04-01T22:12:14.023+0800][0.270s] Heap Min Capacity: 512M
[2024-04-01T22:12:14.023+0800][0.270s] Heap Initial Capacity: 512M
[2024-04-01T22:12:14.023+0800][0.270s] Heap Max Capacity: 512M
[2024-04-01T22:12:14.025+0800][0.272s] Pre-touch: Enabled
[2024-04-01T22:12:14.025+0800][0.272s] Parallel Workers: 8
[2024-04-01T22:12:14.025+0800][0.272s] Concurrent Workers: 2
[2024-04-01T22:12:14.025+0800][0.272s] Concurrent Refinement Workers: 8
[2024-04-01T22:12:14.025+0800][0.272s] Periodic GC: Disabled
[2024-04-01T22:12:14.037+0800][0.285s] CDS archive(s) mapped at: [0x000002242f000000-0x000002242fc60000-0x000002242fc60000), size 12976128, SharedBaseAddress: 0x000002242f000000, ArchiveRelocationMode: 1.
[2024-04-01T22:12:14.037+0800][0.285s] Compressed class space mapped at: 0x0000022430000000-0x0000022470000000, reserved size: 1073741824
[2024-04-01T22:12:14.037+0800][0.285s] Narrow klass base: 0x000002242f000000, Narrow klass shift: 0, Narrow klass range: 0x41000000
[2024-04-01T22:12:14.914+0800][1.162s] GC(0) Pause Young (Normal) (G1 Evacuation Pause)
[2024-04-01T22:12:14.914+0800][1.162s] GC(0) Using 8 workers of 8 for evacuation
[2024-04-01T22:12:14.918+0800][1.166s] GC(0)   Pre Evacuate Collection Set: 0.12ms
[2024-04-01T22:12:14.919+0800][1.166s] GC(0)   Merge Heap Roots: 0.04ms
[2024-04-01T22:12:14.919+0800][1.166s] GC(0)   Evacuate Collection Set: 3.72ms
[2024-04-01T22:12:14.919+0800][1.166s] GC(0)   Post Evacuate Collection Set: 0.46ms
[2024-04-01T22:12:14.919+0800][1.166s] GC(0)   Other: 0.25ms
[2024-04-01T22:12:14.919+0800][1.166s] GC(0) Eden regions: 30->0(40)
[2024-04-01T22:12:14.919+0800][1.166s] GC(0) Survivor regions: 0->4(4)
[2024-04-01T22:12:14.919+0800][1.166s] GC(0) Old regions: 0->2
[2024-04-01T22:12:14.919+0800][1.166s] GC(0) Humongous regions: 4->4
[2024-04-01T22:12:14.919+0800][1.166s] GC(0) Metaspace: 10393K(10624K)->10393K(10624K) NonClass: 9163K(9280K)->9163K(9280K) Class: 1230K(1344K)->1230K(1344K)
[2024-04-01T22:12:14.919+0800][1.166s] GC(0) Pause Young (Normal) (G1 Evacuation Pause) 34M->9M(512M) 4.901ms
[2024-04-01T22:12:14.919+0800][1.167s] GC(0) User=0.00s Sys=0.00s Real=0.00s
[2024-04-01T22:12:15.491+0800][1.740s] GC(1) Pause Young (Normal) (G1 Evacuation Pause)
[2024-04-01T22:12:15.491+0800][1.740s] GC(1) Using 8 workers of 8 for evacuation
[2024-04-01T22:12:15.498+0800][1.747s] GC(1)   Pre Evacuate Collection Set: 0.15ms
[2024-04-01T22:12:15.498+0800][1.747s] GC(1)   Merge Heap Roots: 0.08ms
[2024-04-01T22:12:15.498+0800][1.747s] GC(1)   Evacuate Collection Set: 5.86ms
[2024-04-01T22:12:15.498+0800][1.747s] GC(1)   Post Evacuate Collection Set: 0.85ms
[2024-04-01T22:12:15.498+0800][1.747s] GC(1)   Other: 0.10ms
[2024-04-01T22:12:15.498+0800][1.747s] GC(1) Eden regions: 40->0(51)
[2024-04-01T22:12:15.498+0800][1.747s] GC(1) Survivor regions: 4->6(6)
[2024-04-01T22:12:15.499+0800][1.747s] GC(1) Old regions: 2->11
[2024-04-01T22:12:15.499+0800][1.747s] GC(1) Humongous regions: 4->4
[2024-04-01T22:12:15.499+0800][1.747s] GC(1) Metaspace: 17573K(17920K)->17573K(17920K) NonClass: 15531K(15744K)->15531K(15744K) Class: 2042K(2176K)->2042K(2176K)
[2024-04-01T22:12:15.499+0800][1.747s] GC(1) Pause Young (Normal) (G1 Evacuation Pause) 49M->20M(512M) 7.291ms
[2024-04-01T22:12:15.499+0800][1.747s] GC(1) User=0.00s Sys=0.00s Real=0.01s
[2024-04-01T22:12:15.940+0800][2.188s] GC(2) Pause Young (Concurrent Start) (Metadata GC Threshold)
[2024-04-01T22:12:15.940+0800][2.188s] GC(2) Using 8 workers of 8 for evacuation
[2024-04-01T22:12:15.944+0800][2.192s] GC(2)   Pre Evacuate Collection Set: 0.20ms
[2024-04-01T22:12:15.944+0800][2.193s] GC(2)   Merge Heap Roots: 0.06ms
[2024-04-01T22:12:15.944+0800][2.193s] GC(2)   Evacuate Collection Set: 3.45ms
[2024-04-01T22:12:15.944+0800][2.193s] GC(2)   Post Evacuate Collection Set: 0.54ms
[2024-04-01T22:12:15.944+0800][2.193s] GC(2)   Other: 0.15ms
[2024-04-01T22:12:15.944+0800][2.193s] GC(2) Eden regions: 43->0(93)
[2024-04-01T22:12:15.944+0800][2.193s] GC(2) Survivor regions: 6->6(8)
[2024-04-01T22:12:15.944+0800][2.193s] GC(2) Old regions: 11->18
[2024-04-01T22:12:15.944+0800][2.193s] GC(2) Humongous regions: 4->4
[2024-04-01T22:12:15.944+0800][2.193s] GC(2) Metaspace: 21176K(21504K)->21176K(21504K) NonClass: 18733K(18880K)->18733K(18880K) Class: 2443K(2624K)->2443K(2624K)
[2024-04-01T22:12:15.944+0800][2.193s] GC(2) Pause Young (Concurrent Start) (Metadata GC Threshold) 63M->26M(512M) 4.695ms
[2024-04-01T22:12:15.944+0800][2.193s] GC(2) User=0.00s Sys=0.00s Real=0.00s
[2024-04-01T22:12:15.944+0800][2.193s] GC(3) Concurrent Mark Cycle
[2024-04-01T22:12:15.945+0800][2.193s] GC(3) Concurrent Scan Root Regions
[2024-04-01T22:12:15.948+0800][2.196s] GC(3) Concurrent Scan Root Regions 3.139ms
[2024-04-01T22:12:15.948+0800][2.196s] GC(3) Concurrent Mark
[2024-04-01T22:12:15.948+0800][2.196s] GC(3) Concurrent Mark From Roots
[2024-04-01T22:12:15.948+0800][2.196s] GC(3) Using 2 workers of 2 for marking
[2024-04-01T22:12:15.960+0800][2.208s] GC(3) Concurrent Mark From Roots 12.124ms
[2024-04-01T22:12:15.960+0800][2.208s] GC(3) Concurrent Preclean
[2024-04-01T22:12:15.960+0800][2.208s] GC(3) Concurrent Preclean 0.035ms
[2024-04-01T22:12:15.960+0800][2.208s] GC(3) Pause Remark
[2024-04-01T22:12:15.962+0800][2.210s] GC(3) Pause Remark 28M->28M(512M) 1.688ms
[2024-04-01T22:12:15.962+0800][2.210s] GC(3) User=0.00s Sys=0.00s Real=0.00s
[2024-04-01T22:12:15.962+0800][2.210s] GC(3) Concurrent Mark 14.050ms
[2024-04-01T22:12:15.962+0800][2.210s] GC(3) Concurrent Rebuild Remembered Sets and Scrub Regions
[2024-04-01T22:12:15.967+0800][2.216s] GC(3) Concurrent Rebuild Remembered Sets and Scrub Regions 5.638ms
[2024-04-01T22:12:15.968+0800][2.216s] GC(3) Pause Cleanup
[2024-04-01T22:12:15.968+0800][2.216s] GC(3) Pause Cleanup 28M->28M(512M) 0.177ms
[2024-04-01T22:12:15.968+0800][2.216s] GC(3) User=0.00s Sys=0.00s Real=0.00s
[2024-04-01T22:12:15.968+0800][2.216s] GC(3) Concurrent Clear Claimed Marks
[2024-04-01T22:12:15.968+0800][2.216s] GC(3) Concurrent Clear Claimed Marks 0.035ms
[2024-04-01T22:12:15.968+0800][2.216s] GC(3) Concurrent Cleanup for Next Mark
[2024-04-01T22:12:15.968+0800][2.217s] GC(3) Concurrent Cleanup for Next Mark 0.530ms
[2024-04-01T22:12:15.968+0800][2.217s] GC(3) Concurrent Mark Cycle 23.931ms
[2024-04-01T22:12:20.326+0800][6.573s] GC(4) Pause Young (Prepare Mixed) (Metadata GC Threshold)
[2024-04-01T22:12:20.326+0800][6.573s] GC(4) Using 8 workers of 8 for evacuation
[2024-04-01T22:12:20.335+0800][6.583s] GC(4)   Pre Evacuate Collection Set: 0.17ms
[2024-04-01T22:12:20.336+0800][6.583s] GC(4)   Merge Heap Roots: 0.17ms
[2024-04-01T22:12:20.336+0800][6.583s] GC(4)   Evacuate Collection Set: 8.50ms
[2024-04-01T22:12:20.336+0800][6.583s] GC(4)   Post Evacuate Collection Set: 0.96ms
[2024-04-01T22:12:20.336+0800][6.583s] GC(4)   Other: 0.10ms
[2024-04-01T22:12:20.336+0800][6.583s] GC(4) Eden regions: 92->0(295)
[2024-04-01T22:12:20.336+0800][6.583s] GC(4) Survivor regions: 6->12(13)
[2024-04-01T22:12:20.336+0800][6.583s] GC(4) Old regions: 18->18
[2024-04-01T22:12:20.336+0800][6.583s] GC(4) Humongous regions: 4->4
[2024-04-01T22:12:20.336+0800][6.583s] GC(4) Metaspace: 36082K(36416K)->36082K(36416K) NonClass: 31874K(32064K)->31874K(32064K) Class: 4208K(4352K)->4208K(4352K)
[2024-04-01T22:12:20.336+0800][6.583s] GC(4) Pause Young (Prepare Mixed) (Metadata GC Threshold) 118M->32M(512M) 10.186ms
[2024-04-01T22:12:20.336+0800][6.583s] GC(4) User=0.02s Sys=0.00s Real=0.01s
[2024-04-01T22:13:17.070+0800][63.318s] GC(5) Pause Young (Mixed) (Metadata GC Threshold)
[2024-04-01T22:13:17.071+0800][63.318s] GC(5) Using 8 workers of 8 for evacuation
[2024-04-01T22:13:17.082+0800][63.330s] GC(5)   Pre Evacuate Collection Set: 0.43ms
[2024-04-01T22:13:17.082+0800][63.330s] GC(5)   Merge Heap Roots: 0.18ms
[2024-04-01T22:13:17.082+0800][63.330s] GC(5)   Evacuate Collection Set: 9.83ms
[2024-04-01T22:13:17.082+0800][63.330s] GC(5)   Post Evacuate Collection Set: 1.75ms
[2024-04-01T22:13:17.082+0800][63.330s] GC(5)   Other: 0.21ms
[2024-04-01T22:13:17.082+0800][63.330s] GC(5) Eden regions: 4->0(295)
[2024-04-01T22:13:17.082+0800][63.331s] GC(5) Survivor regions: 12->12(39)
[2024-04-01T22:13:17.082+0800][63.331s] GC(5) Old regions: 18->17
[2024-04-01T22:13:17.082+0800][63.331s] GC(5) Humongous regions: 4->4
[2024-04-01T22:13:17.082+0800][63.331s] GC(5) Metaspace: 36411K(36736K)->36411K(36736K) NonClass: 32153K(32320K)->32153K(32320K) Class: 4258K(4416K)->4258K(4416K)
[2024-04-01T22:13:17.082+0800][63.331s] GC(5) Pause Young (Mixed) (Metadata GC Threshold) 35M->32M(512M) 13.062ms
[2024-04-01T22:13:17.082+0800][63.331s] GC(5) User=0.02s Sys=0.00s Real=0.01s
[2024-04-01T22:14:13.697+0800][119.945s] GC(6) Pause Young (Concurrent Start) (Metadata GC Threshold)
[2024-04-01T22:14:13.697+0800][119.945s] GC(6) Using 8 workers of 8 for evacuation
[2024-04-01T22:14:13.701+0800][119.949s] GC(6)   Pre Evacuate Collection Set: 0.15ms
[2024-04-01T22:14:13.701+0800][119.949s] GC(6)   Merge Heap Roots: 0.05ms
[2024-04-01T22:14:13.701+0800][119.949s] GC(6)   Evacuate Collection Set: 2.99ms
[2024-04-01T22:14:13.701+0800][119.949s] GC(6)   Post Evacuate Collection Set: 0.64ms
[2024-04-01T22:14:13.701+0800][119.949s] GC(6)   Other: 0.21ms
[2024-04-01T22:14:13.701+0800][119.949s] GC(6) Eden regions: 6->0(295)
[2024-04-01T22:14:13.701+0800][119.949s] GC(6) Survivor regions: 12->12(39)
[2024-04-01T22:14:13.701+0800][119.949s] GC(6) Old regions: 17->17
[2024-04-01T22:14:13.701+0800][119.949s] GC(6) Humongous regions: 4->4
[2024-04-01T22:14:13.701+0800][119.949s] GC(6) Metaspace: 36656K(37056K)->36656K(37056K) NonClass: 32367K(32576K)->32367K(32576K) Class: 4288K(4480K)->4288K(4480K)
[2024-04-01T22:14:13.701+0800][119.949s] GC(6) Pause Young (Concurrent Start) (Metadata GC Threshold) 37M->32M(512M) 4.245ms
[2024-04-01T22:14:13.702+0800][119.949s] GC(7) Concurrent Mark Cycle
[2024-04-01T22:14:13.702+0800][119.949s] GC(6) User=0.00s Sys=0.00s Real=0.00s
[2024-04-01T22:14:13.702+0800][119.949s] GC(7) Concurrent Scan Root Regions
[2024-04-01T22:14:13.704+0800][119.952s] GC(7) Concurrent Scan Root Regions 2.720ms
[2024-04-01T22:14:13.704+0800][119.952s] GC(7) Concurrent Mark
[2024-04-01T22:14:13.704+0800][119.952s] GC(7) Concurrent Mark From Roots
[2024-04-01T22:14:13.704+0800][119.952s] GC(7) Using 2 workers of 2 for marking
[2024-04-01T22:14:13.718+0800][119.966s] GC(7) Concurrent Mark From Roots 13.545ms
[2024-04-01T22:14:13.718+0800][119.966s] GC(7) Concurrent Preclean
[2024-04-01T22:14:13.718+0800][119.966s] GC(7) Concurrent Preclean 0.068ms
[2024-04-01T22:14:13.718+0800][119.966s] GC(7) Pause Remark
[2024-04-01T22:14:13.721+0800][119.969s] GC(7) Pause Remark 35M->35M(512M) 2.814ms
[2024-04-01T22:14:13.721+0800][119.969s] GC(7) User=0.03s Sys=0.00s Real=0.00s
[2024-04-01T22:14:13.721+0800][119.969s] GC(7) Concurrent Mark 16.649ms
[2024-04-01T22:14:13.721+0800][119.969s] GC(7) Concurrent Rebuild Remembered Sets and Scrub Regions
[2024-04-01T22:14:13.727+0800][119.975s] GC(7) Concurrent Rebuild Remembered Sets and Scrub Regions 6.008ms
[2024-04-01T22:14:13.727+0800][119.975s] GC(7) Pause Cleanup
[2024-04-01T22:14:13.727+0800][119.975s] GC(7) Pause Cleanup 36M->36M(512M) 0.135ms
[2024-04-01T22:14:13.727+0800][119.975s] GC(7) User=0.00s Sys=0.00s Real=0.00s
[2024-04-01T22:14:13.727+0800][119.975s] GC(7) Concurrent Clear Claimed Marks
[2024-04-01T22:14:13.727+0800][119.975s] GC(7) Concurrent Clear Claimed Marks 0.055ms
[2024-04-01T22:14:13.727+0800][119.975s] GC(7) Concurrent Cleanup for Next Mark
[2024-04-01T22:14:13.728+0800][119.976s] GC(7) Concurrent Cleanup for Next Mark 0.681ms
[2024-04-01T22:14:13.728+0800][119.976s] GC(7) Concurrent Mark Cycle 26.616ms
[2024-04-01T22:14:13.739+0800][119.987s] Heap
[2024-04-01T22:14:13.739+0800][119.987s]  garbage-first heap   total reserved 524288K, committed 524288K, used 41853K [0x00000000e0000000, 0x0000000100000000)
[2024-04-01T22:14:13.739+0800][119.987s]   region size 1024K, 21 young (21504K), 12 survivors (12288K)
[2024-04-01T22:14:13.739+0800][119.987s]  Metaspace       used 36791K, committed 37248K, reserved 1114112K
[2024-04-01T22:14:13.739+0800][119.987s]   class space    used 4313K, committed 4544K, reserved 1048576K
