[2024-04-01T22:14:27.602+0800][0.013s] CardTable entry size: 512
[2024-04-01T22:14:27.602+0800][0.014s] Using G1
[2024-04-01T22:14:27.782+0800][0.193s] Version: 22+36-2370 (release)
[2024-04-01T22:14:27.782+0800][0.194s] CPUs: 8 total, 8 available
[2024-04-01T22:14:27.782+0800][0.194s] Memory: 16080M
[2024-04-01T22:14:27.782+0800][0.194s] Large Page Support: Disabled
[2024-04-01T22:14:27.782+0800][0.194s] NUMA Support: Disabled
[2024-04-01T22:14:27.782+0800][0.194s] Compressed Oops: Enabled (32-bit)
[2024-04-01T22:14:27.782+0800][0.194s] Heap Region Size: 1M
[2024-04-01T22:14:27.782+0800][0.194s] Heap Min Capacity: 512M
[2024-04-01T22:14:27.782+0800][0.194s] Heap Initial Capacity: 512M
[2024-04-01T22:14:27.782+0800][0.194s] Heap Max Capacity: 512M
[2024-04-01T22:14:27.784+0800][0.196s] Pre-touch: Enabled
[2024-04-01T22:14:27.784+0800][0.196s] Parallel Workers: 8
[2024-04-01T22:14:27.784+0800][0.196s] Concurrent Workers: 2
[2024-04-01T22:14:27.784+0800][0.196s] Concurrent Refinement Workers: 8
[2024-04-01T22:14:27.784+0800][0.196s] Periodic GC: Disabled
[2024-04-01T22:14:27.798+0800][0.210s] CDS archive(s) mapped at: [0x0000021cdb000000-0x0000021cdbc60000-0x0000021cdbc60000), size 12976128, SharedBaseAddress: 0x0000021cdb000000, ArchiveRelocationMode: 1.
[2024-04-01T22:14:27.799+0800][0.210s] Compressed class space mapped at: 0x0000021cdc000000-0x0000021d1c000000, reserved size: 1073741824
[2024-04-01T22:14:27.799+0800][0.210s] Narrow klass base: 0x0000021cdb000000, Narrow klass shift: 0, Narrow klass range: 0x41000000
[2024-04-01T22:14:28.678+0800][1.089s] GC(0) Pause Young (Normal) (G1 Evacuation Pause)
[2024-04-01T22:14:28.678+0800][1.089s] GC(0) Using 8 workers of 8 for evacuation
[2024-04-01T22:14:28.682+0800][1.093s] GC(0)   Pre Evacuate Collection Set: 0.11ms
[2024-04-01T22:14:28.682+0800][1.093s] GC(0)   Merge Heap Roots: 0.04ms
[2024-04-01T22:14:28.682+0800][1.093s] GC(0)   Evacuate Collection Set: 3.44ms
[2024-04-01T22:14:28.682+0800][1.093s] GC(0)   Post Evacuate Collection Set: 0.36ms
[2024-04-01T22:14:28.682+0800][1.093s] GC(0)   Other: 0.24ms
[2024-04-01T22:14:28.682+0800][1.093s] GC(0) Eden regions: 30->0(40)
[2024-04-01T22:14:28.682+0800][1.093s] GC(0) Survivor regions: 0->4(4)
[2024-04-01T22:14:28.682+0800][1.093s] GC(0) Old regions: 0->2
[2024-04-01T22:14:28.682+0800][1.093s] GC(0) Humongous regions: 4->4
[2024-04-01T22:14:28.682+0800][1.093s] GC(0) Metaspace: 10381K(10624K)->10381K(10624K) NonClass: 9150K(9280K)->9150K(9280K) Class: 1230K(1344K)->1230K(1344K)
[2024-04-01T22:14:28.682+0800][1.093s] GC(0) Pause Young (Normal) (G1 Evacuation Pause) 34M->9M(512M) 4.442ms
[2024-04-01T22:14:28.682+0800][1.093s] GC(0) User=0.00s Sys=0.00s Real=0.00s
[2024-04-01T22:14:29.229+0800][1.641s] GC(1) Pause Young (Normal) (G1 Evacuation Pause)
[2024-04-01T22:14:29.229+0800][1.641s] GC(1) Using 8 workers of 8 for evacuation
[2024-04-01T22:14:29.237+0800][1.649s] GC(1)   Pre Evacuate Collection Set: 0.11ms
[2024-04-01T22:14:29.237+0800][1.649s] GC(1)   Merge Heap Roots: 0.05ms
[2024-04-01T22:14:29.237+0800][1.649s] GC(1)   Evacuate Collection Set: 7.15ms
[2024-04-01T22:14:29.237+0800][1.649s] GC(1)   Post Evacuate Collection Set: 0.78ms
[2024-04-01T22:14:29.237+0800][1.649s] GC(1)   Other: 0.08ms
[2024-04-01T22:14:29.237+0800][1.649s] GC(1) Eden regions: 40->0(51)
[2024-04-01T22:14:29.237+0800][1.649s] GC(1) Survivor regions: 4->6(6)
[2024-04-01T22:14:29.237+0800][1.649s] GC(1) Old regions: 2->11
[2024-04-01T22:14:29.237+0800][1.649s] GC(1) Humongous regions: 4->4
[2024-04-01T22:14:29.237+0800][1.649s] GC(1) Metaspace: 17591K(17920K)->17591K(17920K) NonClass: 15549K(15744K)->15549K(15744K) Class: 2042K(2176K)->2042K(2176K)
[2024-04-01T22:14:29.237+0800][1.649s] GC(1) Pause Young (Normal) (G1 Evacuation Pause) 49M->20M(512M) 8.409ms
[2024-04-01T22:14:29.237+0800][1.649s] GC(1) User=0.02s Sys=0.00s Real=0.01s
[2024-04-01T22:14:29.658+0800][2.070s] GC(2) Pause Young (Concurrent Start) (Metadata GC Threshold)
[2024-04-01T22:14:29.658+0800][2.070s] GC(2) Using 8 workers of 8 for evacuation
[2024-04-01T22:14:29.663+0800][2.075s] GC(2)   Pre Evacuate Collection Set: 0.16ms
[2024-04-01T22:14:29.663+0800][2.075s] GC(2)   Merge Heap Roots: 0.07ms
[2024-04-01T22:14:29.663+0800][2.075s] GC(2)   Evacuate Collection Set: 3.64ms
[2024-04-01T22:14:29.663+0800][2.075s] GC(2)   Post Evacuate Collection Set: 0.64ms
[2024-04-01T22:14:29.663+0800][2.075s] GC(2)   Other: 0.16ms
[2024-04-01T22:14:29.663+0800][2.075s] GC(2) Eden regions: 43->0(88)
[2024-04-01T22:14:29.663+0800][2.075s] GC(2) Survivor regions: 6->6(8)
[2024-04-01T22:14:29.663+0800][2.075s] GC(2) Old regions: 11->17
[2024-04-01T22:14:29.663+0800][2.075s] GC(2) Humongous regions: 4->4
[2024-04-01T22:14:29.663+0800][2.075s] GC(2) Metaspace: 21140K(21504K)->21140K(21504K) NonClass: 18696K(18880K)->18696K(18880K) Class: 2443K(2624K)->2443K(2624K)
[2024-04-01T22:14:29.663+0800][2.075s] GC(2) Pause Young (Concurrent Start) (Metadata GC Threshold) 63M->26M(512M) 5.175ms
[2024-04-01T22:14:29.663+0800][2.075s] GC(2) User=0.00s Sys=0.00s Real=0.01s
[2024-04-01T22:14:29.663+0800][2.075s] GC(3) Concurrent Mark Cycle
[2024-04-01T22:14:29.663+0800][2.075s] GC(3) Concurrent Scan Root Regions
[2024-04-01T22:14:29.667+0800][2.078s] GC(3) Concurrent Scan Root Regions 3.007ms
[2024-04-01T22:14:29.667+0800][2.078s] GC(3) Concurrent Mark
[2024-04-01T22:14:29.667+0800][2.078s] GC(3) Concurrent Mark From Roots
[2024-04-01T22:14:29.667+0800][2.078s] GC(3) Using 2 workers of 2 for marking
[2024-04-01T22:14:29.680+0800][2.091s] GC(3) Concurrent Mark From Roots 12.983ms
[2024-04-01T22:14:29.680+0800][2.091s] GC(3) Concurrent Preclean
[2024-04-01T22:14:29.680+0800][2.091s] GC(3) Concurrent Preclean 0.055ms
[2024-04-01T22:14:29.681+0800][2.092s] GC(3) Pause Remark
[2024-04-01T22:14:29.683+0800][2.094s] GC(3) Pause Remark 28M->28M(512M) 1.952ms
[2024-04-01T22:14:29.683+0800][2.094s] GC(3) User=0.00s Sys=0.00s Real=0.00s
[2024-04-01T22:14:29.683+0800][2.094s] GC(3) Concurrent Mark 16.063ms
[2024-04-01T22:14:29.683+0800][2.094s] GC(3) Concurrent Rebuild Remembered Sets and Scrub Regions
[2024-04-01T22:14:29.688+0800][2.100s] GC(3) Concurrent Rebuild Remembered Sets and Scrub Regions 5.601ms
[2024-04-01T22:14:29.688+0800][2.100s] GC(3) Pause Cleanup
[2024-04-01T22:14:29.689+0800][2.100s] GC(3) Pause Cleanup 28M->28M(512M) 0.108ms
[2024-04-01T22:14:29.689+0800][2.100s] GC(3) User=0.00s Sys=0.00s Real=0.00s
[2024-04-01T22:14:29.689+0800][2.100s] GC(3) Concurrent Clear Claimed Marks
[2024-04-01T22:14:29.689+0800][2.100s] GC(3) Concurrent Clear Claimed Marks 0.043ms
[2024-04-01T22:14:29.689+0800][2.100s] GC(3) Concurrent Cleanup for Next Mark
[2024-04-01T22:14:29.690+0800][2.101s] GC(3) Concurrent Cleanup for Next Mark 0.963ms
[2024-04-01T22:14:29.690+0800][2.101s] GC(3) Concurrent Mark Cycle 26.160ms
[2024-04-01T22:14:30.858+0800][3.270s] GC(4) Pause Young (Prepare Mixed) (G1 Evacuation Pause)
[2024-04-01T22:14:30.858+0800][3.270s] GC(4) Using 8 workers of 8 for evacuation
[2024-04-01T22:14:30.863+0800][3.275s] GC(4)   Pre Evacuate Collection Set: 0.20ms
[2024-04-01T22:14:30.863+0800][3.275s] GC(4)   Merge Heap Roots: 0.12ms
[2024-04-01T22:14:30.863+0800][3.275s] GC(4)   Evacuate Collection Set: 3.25ms
[2024-04-01T22:14:30.863+0800][3.275s] GC(4)   Post Evacuate Collection Set: 0.79ms
[2024-04-01T22:14:30.863+0800][3.275s] GC(4)   Other: 0.08ms
[2024-04-01T22:14:30.863+0800][3.275s] GC(4) Eden regions: 87->0(298)
[2024-04-01T22:14:30.863+0800][3.275s] GC(4) Survivor regions: 6->9(12)
[2024-04-01T22:14:30.863+0800][3.275s] GC(4) Old regions: 17->17
[2024-04-01T22:14:30.863+0800][3.275s] GC(4) Humongous regions: 4->4
[2024-04-01T22:14:30.864+0800][3.275s] GC(4) Metaspace: 33626K(33984K)->33626K(33984K) NonClass: 29758K(29952K)->29758K(29952K) Class: 3867K(4032K)->3867K(4032K)
[2024-04-01T22:14:30.864+0800][3.275s] GC(4) Pause Young (Prepare Mixed) (G1 Evacuation Pause) 113M->29M(512M) 4.648ms
[2024-04-01T22:14:30.864+0800][3.275s] GC(4) User=0.00s Sys=0.00s Real=0.01s
[2024-04-01T22:14:34.025+0800][6.437s] GC(5) Pause Young (Mixed) (Metadata GC Threshold)
[2024-04-01T22:14:34.025+0800][6.437s] GC(5) Using 8 workers of 8 for evacuation
[2024-04-01T22:14:34.033+0800][6.444s] GC(5)   Pre Evacuate Collection Set: 0.21ms
[2024-04-01T22:14:34.033+0800][6.444s] GC(5)   Merge Heap Roots: 0.12ms
[2024-04-01T22:14:34.033+0800][6.444s] GC(5)   Evacuate Collection Set: 6.32ms
[2024-04-01T22:14:34.033+0800][6.444s] GC(5)   Post Evacuate Collection Set: 0.70ms
[2024-04-01T22:14:34.033+0800][6.444s] GC(5)   Other: 0.06ms
[2024-04-01T22:14:34.033+0800][6.444s] GC(5) Eden regions: 16->0(296)
[2024-04-01T22:14:34.033+0800][6.444s] GC(5) Survivor regions: 9->11(39)
[2024-04-01T22:14:34.033+0800][6.444s] GC(5) Old regions: 17->17
[2024-04-01T22:14:34.033+0800][6.444s] GC(5) Humongous regions: 4->4
[2024-04-01T22:14:34.033+0800][6.444s] GC(5) Metaspace: 36086K(36416K)->36086K(36416K) NonClass: 31875K(32064K)->31875K(32064K) Class: 4210K(4352K)->4210K(4352K)
[2024-04-01T22:14:34.033+0800][6.444s] GC(5) Pause Young (Mixed) (Metadata GC Threshold) 45M->31M(512M) 7.669ms
[2024-04-01T22:14:34.033+0800][6.444s] GC(5) User=0.02s Sys=0.00s Real=0.01s
[2024-04-01T22:15:30.773+0800][63.184s] GC(6) Pause Young (Concurrent Start) (Metadata GC Threshold)
[2024-04-01T22:15:30.773+0800][63.184s] GC(6) Using 8 workers of 8 for evacuation
[2024-04-01T22:15:30.778+0800][63.189s] GC(6)   Pre Evacuate Collection Set: 0.29ms
[2024-04-01T22:15:30.778+0800][63.189s] GC(6)   Merge Heap Roots: 0.13ms
[2024-04-01T22:15:30.778+0800][63.189s] GC(6)   Evacuate Collection Set: 3.22ms
[2024-04-01T22:15:30.778+0800][63.189s] GC(6)   Post Evacuate Collection Set: 1.07ms
[2024-04-01T22:15:30.778+0800][63.189s] GC(6)   Other: 0.28ms
[2024-04-01T22:15:30.778+0800][63.189s] GC(6) Eden regions: 8->0(296)
[2024-04-01T22:15:30.778+0800][63.189s] GC(6) Survivor regions: 11->11(39)
[2024-04-01T22:15:30.778+0800][63.189s] GC(6) Old regions: 17->17
[2024-04-01T22:15:30.778+0800][63.190s] GC(6) Humongous regions: 4->4
[2024-04-01T22:15:30.778+0800][63.190s] GC(6) Metaspace: 36351K(36736K)->36351K(36736K) NonClass: 32106K(32320K)->32106K(32320K) Class: 4245K(4416K)->4245K(4416K)
[2024-04-01T22:15:30.778+0800][63.190s] GC(6) Pause Young (Concurrent Start) (Metadata GC Threshold) 39M->31M(512M) 5.321ms
[2024-04-01T22:15:30.778+0800][63.190s] GC(6) User=0.00s Sys=0.00s Real=0.01s
[2024-04-01T22:15:30.778+0800][63.190s] GC(7) Concurrent Mark Cycle
[2024-04-01T22:15:30.778+0800][63.190s] GC(7) Concurrent Scan Root Regions
[2024-04-01T22:15:30.783+0800][63.194s] GC(7) Concurrent Scan Root Regions 4.371ms
[2024-04-01T22:15:30.783+0800][63.194s] GC(7) Concurrent Mark
[2024-04-01T22:15:30.783+0800][63.194s] GC(7) Concurrent Mark From Roots
[2024-04-01T22:15:30.783+0800][63.194s] GC(7) Using 2 workers of 2 for marking
[2024-04-01T22:15:30.809+0800][63.220s] GC(7) Concurrent Mark From Roots 26.047ms
[2024-04-01T22:15:30.809+0800][63.220s] GC(7) Concurrent Preclean
[2024-04-01T22:15:30.809+0800][63.220s] GC(7) Concurrent Preclean 0.066ms
[2024-04-01T22:15:30.810+0800][63.221s] GC(7) Pause Remark
[2024-04-01T22:15:30.814+0800][63.225s] GC(7) Pause Remark 33M->33M(512M) 3.889ms
[2024-04-01T22:15:30.814+0800][63.225s] GC(7) User=0.02s Sys=0.00s Real=0.00s
[2024-04-01T22:15:30.814+0800][63.225s] GC(7) Concurrent Mark 30.927ms
[2024-04-01T22:15:30.814+0800][63.225s] GC(7) Concurrent Rebuild Remembered Sets and Scrub Regions
[2024-04-01T22:15:30.821+0800][63.233s] GC(7) Concurrent Rebuild Remembered Sets and Scrub Regions 7.472ms
[2024-04-01T22:15:30.822+0800][63.233s] GC(7) Pause Cleanup
[2024-04-01T22:15:30.822+0800][63.233s] GC(7) Pause Cleanup 33M->33M(512M) 0.237ms
[2024-04-01T22:15:30.822+0800][63.233s] GC(7) User=0.00s Sys=0.00s Real=0.00s
[2024-04-01T22:15:30.822+0800][63.233s] GC(7) Concurrent Clear Claimed Marks
[2024-04-01T22:15:30.822+0800][63.233s] GC(7) Concurrent Clear Claimed Marks 0.068ms
[2024-04-01T22:15:30.822+0800][63.233s] GC(7) Concurrent Cleanup for Next Mark
[2024-04-01T22:15:30.823+0800][63.235s] GC(7) Concurrent Cleanup for Next Mark 1.417ms
[2024-04-01T22:15:30.823+0800][63.235s] GC(7) Concurrent Mark Cycle 45.025ms
[2024-04-01T22:50:15.284+0800][2147.695s] GC(8) Pause Young (Prepare Mixed) (G1 Evacuation Pause)
[2024-04-01T22:50:15.284+0800][2147.696s] GC(8) Using 8 workers of 8 for evacuation
[2024-04-01T22:50:15.356+0800][2147.767s] GC(8)   Pre Evacuate Collection Set: 0.74ms
[2024-04-01T22:50:15.356+0800][2147.768s] GC(8)   Merge Heap Roots: 0.60ms
[2024-04-01T22:50:15.356+0800][2147.768s] GC(8)   Evacuate Collection Set: 35.28ms
[2024-04-01T22:50:15.356+0800][2147.768s] GC(8)   Post Evacuate Collection Set: 34.30ms
[2024-04-01T22:50:15.356+0800][2147.768s] GC(8)   Other: 0.73ms
[2024-04-01T22:50:15.356+0800][2147.768s] GC(8) Eden regions: 296->0(268)
[2024-04-01T22:50:15.356+0800][2147.768s] GC(8) Survivor regions: 11->39(39)
[2024-04-01T22:50:15.356+0800][2147.768s] GC(8) Old regions: 17->17
[2024-04-01T22:50:15.356+0800][2147.768s] GC(8) Humongous regions: 15->7
[2024-04-01T22:50:15.356+0800][2147.768s] GC(8) Metaspace: 53511K(54016K)->53511K(54016K) NonClass: 47296K(47552K)->47296K(47552K) Class: 6215K(6464K)->6215K(6464K)
[2024-04-01T22:50:15.356+0800][2147.768s] GC(8) Pause Young (Prepare Mixed) (G1 Evacuation Pause) 338M->62M(512M) 73.052ms
[2024-04-01T22:50:15.356+0800][2147.768s] GC(8) User=0.17s Sys=0.00s Real=0.07s
[2024-04-01T22:50:22.815+0800][2155.227s] GC(9) Pause Young (Mixed) (G1 Evacuation Pause)
[2024-04-01T22:50:22.815+0800][2155.227s] GC(9) Using 8 workers of 8 for evacuation
[2024-04-01T22:50:22.856+0800][2155.268s] GC(9)   Pre Evacuate Collection Set: 0.43ms
[2024-04-01T22:50:22.856+0800][2155.268s] GC(9)   Merge Heap Roots: 0.54ms
[2024-04-01T22:50:22.856+0800][2155.268s] GC(9)   Evacuate Collection Set: 36.81ms
[2024-04-01T22:50:22.856+0800][2155.268s] GC(9)   Post Evacuate Collection Set: 2.18ms
[2024-04-01T22:50:22.856+0800][2155.268s] GC(9)   Other: 0.31ms
[2024-04-01T22:50:22.856+0800][2155.268s] GC(9) Eden regions: 268->0(294)
[2024-04-01T22:50:22.856+0800][2155.268s] GC(9) Survivor regions: 39->13(39)
[2024-04-01T22:50:22.856+0800][2155.268s] GC(9) Old regions: 17->42
[2024-04-01T22:50:22.856+0800][2155.268s] GC(9) Humongous regions: 7->7
[2024-04-01T22:50:22.856+0800][2155.268s] GC(9) Metaspace: 53541K(54016K)->53541K(54016K) NonClass: 47325K(47552K)->47325K(47552K) Class: 6216K(6464K)->6216K(6464K)
[2024-04-01T22:50:22.856+0800][2155.268s] GC(9) Pause Young (Mixed) (G1 Evacuation Pause) 330M->60M(512M) 41.242ms
[2024-04-01T22:50:22.856+0800][2155.268s] GC(9) User=0.12s Sys=0.00s Real=0.04s
[2024-04-02T03:00:31.360+0800][17162.470s] GC(10) Pause Young (Normal) (G1 Evacuation Pause)
[2024-04-02T03:00:31.360+0800][17162.471s] GC(10) Using 8 workers of 8 for evacuation
[2024-04-02T03:00:31.366+0800][17162.476s] GC(10)   Pre Evacuate Collection Set: 0.38ms
[2024-04-02T03:00:31.366+0800][17162.477s] GC(10)   Merge Heap Roots: 0.18ms
[2024-04-02T03:00:31.366+0800][17162.477s] GC(10)   Evacuate Collection Set: 4.38ms
[2024-04-02T03:00:31.366+0800][17162.477s] GC(10)   Post Evacuate Collection Set: 0.95ms
[2024-04-02T03:00:31.366+0800][17162.477s] GC(10)   Other: 0.08ms
[2024-04-02T03:00:31.366+0800][17162.477s] GC(10) Eden regions: 294->0(286)
[2024-04-02T03:00:31.366+0800][17162.477s] GC(10) Survivor regions: 13->21(39)
[2024-04-02T03:00:31.366+0800][17162.477s] GC(10) Old regions: 42->42
[2024-04-02T03:00:31.366+0800][17162.477s] GC(10) Humongous regions: 8->7
[2024-04-02T03:00:31.366+0800][17162.477s] GC(10) Metaspace: 55883K(56384K)->55883K(56384K) NonClass: 49427K(49664K)->49427K(49664K) Class: 6455K(6720K)->6455K(6720K)
[2024-04-02T03:00:31.366+0800][17162.477s] GC(10) Pause Young (Normal) (G1 Evacuation Pause) 355M->68M(512M) 6.255ms
[2024-04-02T03:00:31.366+0800][17162.477s] GC(10) User=0.02s Sys=0.00s Real=0.01s
